<html>
<body>
<pre>
<h1>µVision Build Log</h1>
<h2>Tool Versions:</h2>
IDE-Version: ¦ÌVision V5.14.0.0
Copyright (C) 2015 ARM Ltd and ARM Germany GmbH. All rights reserved.
License Information: 123 youyou, 1122, LIC=JDAUH-W4BZV-XBZEC-7RNCN-ADNAS-13KYS
 
Tool Versions:
Toolchain:       MDK-ARM Professional  Version: 5.14.0.0
Toolchain Path:  C:\Keil_v5\ARM\ARMCC\Bin
C Compiler:      Armcc.exe V5.05 update 1 (build 106)
Assembler:       Armasm.exe V5.05 update 1 (build 106)
Linker/Locator:  ArmLink.exe V5.05 update 1 (build 106)
Library Manager: ArmAr.exe V5.05 update 1 (build 106)
Hex Converter:   FromElf.exe V5.05 update 1 (build 106)
CPU DLL:         SARMCM3.DLL V5.14.0.0
Dialog DLL:      DCM.DLL V1.13.1.0
Target DLL:      STLink\ST-LINKIII-KEIL_SWO.dll V2.0.14.0_KEIL
Dialog DLL:      TCM.DLL V1.14.4.0
 
<h2>Project:</h2>
C:\Users\youyou\Desktop\github\MCUKeys\Lesson3_ÂÖÑ¯FifoÊµÏÖ°´¼ü¼ì²â\USER\LED.uvprojx
Project File Date:  09/04/2018

<h2>Output:</h2>
Build target 'OLED'
compiling main.c...
main.c(10): warning:  #550-D: parameter "arg" was set but never used
  void led3_on(void * arg)
main.c(15): warning:  #550-D: parameter "arg" was set but never used
  void led2_on(void * arg)
main.c(21): warning:  #550-D: parameter "arg" was set but never used
  void led2_off(void * arg)
main.c: 3 warnings, 0 errors
compiling key.c...
..\HARDWARE\KEY\key.c(325): warning:  #188-D: enumerated type mixed with another type
                detect_key(i);
..\HARDWARE\KEY\key.c: 1 warning, 0 errors
compiling timer.c...
linking...
Program Size: Code=5020 RO-data=6504 RW-data=12 ZI-data=2964  
FromELF: creating hex file...
"..\OBJ\LED.axf" - 0 Error(s), 4 Warning(s).

<h2>Collection of Component include folders:</h2>
  C:\Users\youyou\Desktop\github\MCUKeys\Lesson3_ÂÖÑ¯FifoÊµÏÖ°´¼ü¼ì²â\USER\RTE
  C:\Keil_v5\ARM\PACK\Keil\STM32F4xx_DFP\2.7.0

<h2>Collection of Component Files used:</h2>
</pre>
</body>
</html>
